// Jest Snapshot v1, https://goo.gl/fbAQLP

exports[`Context constructor 1`] = `"M4v9T+BCVTBqSpVmejr/xWqo8GzmI2syu7GaNgZCXDfvMyGJ7BXBWdWy/U5FsPamHxxM6LG18YzGPrdGClR8lA=="`;
